::ffff:127.0.0.1 - - [17/Aug/2017:12:15:29 +0000] "GET /categories HTTP/1.1" 200 5275 "http://localhost:3000/" "Mozilla/5.0 (Windows NT 6.1; Win64; x64) AppleWebKit/537.36 (KHTML, like Gecko) Chrome/60.0.3112.101 Safari/537.36"
::ffff:127.0.0.1 - - [17/Aug/2017:12:15:35 +0000] "GET /categories/5994abf7f2a4ab0c8cf41733 HTTP/1.1" 200 253 "http://localhost:3000/" "Mozilla/5.0 (Windows NT 6.1; Win64; x64) AppleWebKit/537.36 (KHTML, like Gecko) Chrome/60.0.3112.101 Safari/537.36"
::ffff:127.0.0.1 - - [17/Aug/2017:12:15:42 +0000] "POST /topics HTTP/1.1" 200 3 "http://localhost:3000/" "Mozilla/5.0 (Windows NT 6.1; Win64; x64) AppleWebKit/537.36 (KHTML, like Gecko) Chrome/60.0.3112.101 Safari/537.36"
::ffff:127.0.0.1 - - [17/Aug/2017:12:15:42 +0000] "GET /categories/5994abf7f2a4ab0c8cf41733 HTTP/1.1" 200 502 "http://localhost:3000/" "Mozilla/5.0 (Windows NT 6.1; Win64; x64) AppleWebKit/537.36 (KHTML, like Gecko) Chrome/60.0.3112.101 Safari/537.36"
::ffff:127.0.0.1 - - [17/Aug/2017:12:15:46 +0000] "POST /topics HTTP/1.1" 200 3 "http://localhost:3000/" "Mozilla/5.0 (Windows NT 6.1; Win64; x64) AppleWebKit/537.36 (KHTML, like Gecko) Chrome/60.0.3112.101 Safari/537.36"
::ffff:127.0.0.1 - - [17/Aug/2017:12:15:46 +0000] "GET /categories/5994abf7f2a4ab0c8cf41733 HTTP/1.1" 200 750 "http://localhost:3000/" "Mozilla/5.0 (Windows NT 6.1; Win64; x64) AppleWebKit/537.36 (KHTML, like Gecko) Chrome/60.0.3112.101 Safari/537.36"
::ffff:127.0.0.1 - - [17/Aug/2017:12:15:52 +0000] "POST /topics HTTP/1.1" 200 3 "http://localhost:3000/" "Mozilla/5.0 (Windows NT 6.1; Win64; x64) AppleWebKit/537.36 (KHTML, like Gecko) Chrome/60.0.3112.101 Safari/537.36"
::ffff:127.0.0.1 - - [17/Aug/2017:12:15:52 +0000] "GET /categories/5994abf7f2a4ab0c8cf41733 HTTP/1.1" 200 1001 "http://localhost:3000/" "Mozilla/5.0 (Windows NT 6.1; Win64; x64) AppleWebKit/537.36 (KHTML, like Gecko) Chrome/60.0.3112.101 Safari/537.36"
::ffff:127.0.0.1 - - [17/Aug/2017:12:15:53 +0000] "GET /topics/599588f2d4b93813c89a2c99 HTTP/1.1" 200 970 "http://localhost:3000/" "Mozilla/5.0 (Windows NT 6.1; Win64; x64) AppleWebKit/537.36 (KHTML, like Gecko) Chrome/60.0.3112.101 Safari/537.36"
::ffff:127.0.0.1 - - [17/Aug/2017:12:15:55 +0000] "GET /categories HTTP/1.1" 200 6023 "http://localhost:3000/" "Mozilla/5.0 (Windows NT 6.1; Win64; x64) AppleWebKit/537.36 (KHTML, like Gecko) Chrome/60.0.3112.101 Safari/537.36"
::ffff:127.0.0.1 - - [17/Aug/2017:12:15:56 +0000] "DELETE /topics/599588f2d4b93813c89a2c99 HTTP/1.1" 200 257 "http://localhost:3000/" "Mozilla/5.0 (Windows NT 6.1; Win64; x64) AppleWebKit/537.36 (KHTML, like Gecko) Chrome/60.0.3112.101 Safari/537.36"
::ffff:127.0.0.1 - - [17/Aug/2017:12:16:03 +0000] "GET /categories HTTP/1.1" 200 5775 "http://localhost:3000/" "Mozilla/5.0 (Windows NT 6.1; Win64; x64) AppleWebKit/537.36 (KHTML, like Gecko) Chrome/60.0.3112.101 Safari/537.36"
::ffff:127.0.0.1 - - [17/Aug/2017:12:16:08 +0000] "GET /categories/5994abf0f2a4ab0c8cf41732 HTTP/1.1" 200 498 "http://localhost:3000/" "Mozilla/5.0 (Windows NT 6.1; Win64; x64) AppleWebKit/537.36 (KHTML, like Gecko) Chrome/60.0.3112.101 Safari/537.36"
::ffff:127.0.0.1 - - [17/Aug/2017:12:17:22 +0000] "GET /topics/59958823714d85082c23d33a HTTP/1.1" 200 972 "http://localhost:3000/" "Mozilla/5.0 (Windows NT 6.1; Win64; x64) AppleWebKit/537.36 (KHTML, like Gecko) Chrome/60.0.3112.101 Safari/537.36"
::ffff:127.0.0.1 - - [17/Aug/2017:12:17:24 +0000] "GET /categories HTTP/1.1" 304 - "http://localhost:3000/" "Mozilla/5.0 (Windows NT 6.1; Win64; x64) AppleWebKit/537.36 (KHTML, like Gecko) Chrome/60.0.3112.101 Safari/537.36"
::ffff:127.0.0.1 - - [17/Aug/2017:12:17:25 +0000] "DELETE /topics/59958823714d85082c23d33a HTTP/1.1" 200 259 "http://localhost:3000/" "Mozilla/5.0 (Windows NT 6.1; Win64; x64) AppleWebKit/537.36 (KHTML, like Gecko) Chrome/60.0.3112.101 Safari/537.36"
::ffff:127.0.0.1 - - [17/Aug/2017:12:17:34 +0000] "GET /categories HTTP/1.1" 200 5525 "http://localhost:3000/" "Mozilla/5.0 (Windows NT 6.1; Win64; x64) AppleWebKit/537.36 (KHTML, like Gecko) Chrome/60.0.3112.101 Safari/537.36"
::ffff:127.0.0.1 - - [17/Aug/2017:12:17:36 +0000] "GET /categories/5994abf0f2a4ab0c8cf41732 HTTP/1.1" 200 248 "http://localhost:3000/" "Mozilla/5.0 (Windows NT 6.1; Win64; x64) AppleWebKit/537.36 (KHTML, like Gecko) Chrome/60.0.3112.101 Safari/537.36"
::ffff:127.0.0.1 - - [17/Aug/2017:12:18:45 +0000] "GET /categories HTTP/1.1" 304 - "http://localhost:3000/" "Mozilla/5.0 (Windows NT 6.1; Win64; x64) AppleWebKit/537.36 (KHTML, like Gecko) Chrome/60.0.3112.101 Safari/537.36"
::ffff:127.0.0.1 - - [17/Aug/2017:12:18:46 +0000] "GET /users HTTP/1.1" 200 2037 "http://localhost:3000/" "Mozilla/5.0 (Windows NT 6.1; Win64; x64) AppleWebKit/537.36 (KHTML, like Gecko) Chrome/60.0.3112.101 Safari/537.36"
::ffff:127.0.0.1 - - [17/Aug/2017:12:18:50 +0000] "POST /login HTTP/1.1" 200 747 "http://localhost:3000/" "Mozilla/5.0 (Windows NT 6.1; Win64; x64) AppleWebKit/537.36 (KHTML, like Gecko) Chrome/60.0.3112.101 Safari/537.36"
::ffff:127.0.0.1 - - [17/Aug/2017:12:18:50 +0000] "GET /categories HTTP/1.1" 304 - "http://localhost:3000/" "Mozilla/5.0 (Windows NT 6.1; Win64; x64) AppleWebKit/537.36 (KHTML, like Gecko) Chrome/60.0.3112.101 Safari/537.36"
::ffff:127.0.0.1 - - [17/Aug/2017:12:18:53 +0000] "GET /categories/5994abf7f2a4ab0c8cf41733 HTTP/1.1" 200 753 "http://localhost:3000/" "Mozilla/5.0 (Windows NT 6.1; Win64; x64) AppleWebKit/537.36 (KHTML, like Gecko) Chrome/60.0.3112.101 Safari/537.36"
::ffff:127.0.0.1 - - [17/Aug/2017:12:18:55 +0000] "DELETE /topics/599588f8d4b93813c89a2c9a HTTP/1.1" 200 260 "http://localhost:3000/" "Mozilla/5.0 (Windows NT 6.1; Win64; x64) AppleWebKit/537.36 (KHTML, like Gecko) Chrome/60.0.3112.101 Safari/537.36"
::ffff:127.0.0.1 - - [17/Aug/2017:12:18:55 +0000] "GET /categories/5994abf7f2a4ab0c8cf41733 HTTP/1.1" 200 502 "http://localhost:3000/" "Mozilla/5.0 (Windows NT 6.1; Win64; x64) AppleWebKit/537.36 (KHTML, like Gecko) Chrome/60.0.3112.101 Safari/537.36"
::ffff:127.0.0.1 - - [17/Aug/2017:12:19:40 +0000] "GET /topics/599588eed4b93813c89a2c98 HTTP/1.1" 200 971 "http://localhost:3000/" "Mozilla/5.0 (Windows NT 6.1; Win64; x64) AppleWebKit/537.36 (KHTML, like Gecko) Chrome/60.0.3112.101 Safari/537.36"
::ffff:127.0.0.1 - - [17/Aug/2017:12:19:41 +0000] "GET /categories HTTP/1.1" 200 5274 "http://localhost:3000/" "Mozilla/5.0 (Windows NT 6.1; Win64; x64) AppleWebKit/537.36 (KHTML, like Gecko) Chrome/60.0.3112.101 Safari/537.36"
::ffff:127.0.0.1 - - [17/Aug/2017:12:20:03 +0000] "DELETE /topics/599588eed4b93813c89a2c98 HTTP/1.1" 200 258 "http://localhost:3000/" "Mozilla/5.0 (Windows NT 6.1; Win64; x64) AppleWebKit/537.36 (KHTML, like Gecko) Chrome/60.0.3112.101 Safari/537.36"
::1 - - [17/Aug/2017:12:23:35 +0000] "GET /users HTTP/1.1" 500 23 "http://localhost:3000/" "Mozilla/5.0 (Windows NT 6.1; Win64; x64) AppleWebKit/537.36 (KHTML, like Gecko) Chrome/60.0.3112.101 Safari/537.36"
::1 - - [17/Aug/2017:12:23:39 +0000] "POST /login HTTP/1.1" 200 747 "http://localhost:3000/" "Mozilla/5.0 (Windows NT 6.1; Win64; x64) AppleWebKit/537.36 (KHTML, like Gecko) Chrome/60.0.3112.101 Safari/537.36"
::1 - - [17/Aug/2017:12:23:39 +0000] "GET /categories HTTP/1.1" 200 5025 "http://localhost:3000/" "Mozilla/5.0 (Windows NT 6.1; Win64; x64) AppleWebKit/537.36 (KHTML, like Gecko) Chrome/60.0.3112.101 Safari/537.36"
::1 - - [17/Aug/2017:12:23:42 +0000] "GET /categories/5994abf0f2a4ab0c8cf41732 HTTP/1.1" 304 - "http://localhost:3000/" "Mozilla/5.0 (Windows NT 6.1; Win64; x64) AppleWebKit/537.36 (KHTML, like Gecko) Chrome/60.0.3112.101 Safari/537.36"
::1 - - [17/Aug/2017:12:23:46 +0000] "POST /topics HTTP/1.1" 200 3 "http://localhost:3000/" "Mozilla/5.0 (Windows NT 6.1; Win64; x64) AppleWebKit/537.36 (KHTML, like Gecko) Chrome/60.0.3112.101 Safari/537.36"
::1 - - [17/Aug/2017:12:23:46 +0000] "GET /categories/5994abf0f2a4ab0c8cf41732 HTTP/1.1" 200 494 "http://localhost:3000/" "Mozilla/5.0 (Windows NT 6.1; Win64; x64) AppleWebKit/537.36 (KHTML, like Gecko) Chrome/60.0.3112.101 Safari/537.36"
::1 - - [17/Aug/2017:12:23:50 +0000] "POST /topics HTTP/1.1" 200 3 "http://localhost:3000/" "Mozilla/5.0 (Windows NT 6.1; Win64; x64) AppleWebKit/537.36 (KHTML, like Gecko) Chrome/60.0.3112.101 Safari/537.36"
::1 - - [17/Aug/2017:12:23:50 +0000] "GET /categories/5994abf0f2a4ab0c8cf41732 HTTP/1.1" 200 745 "http://localhost:3000/" "Mozilla/5.0 (Windows NT 6.1; Win64; x64) AppleWebKit/537.36 (KHTML, like Gecko) Chrome/60.0.3112.101 Safari/537.36"
::1 - - [17/Aug/2017:12:23:52 +0000] "GET /topics/59958ad28a6fa60d107e1b07 HTTP/1.1" 200 1022 "http://localhost:3000/" "Mozilla/5.0 (Windows NT 6.1; Win64; x64) AppleWebKit/537.36 (KHTML, like Gecko) Chrome/60.0.3112.101 Safari/537.36"
::1 - - [17/Aug/2017:12:23:54 +0000] "GET /categories HTTP/1.1" 200 5522 "http://localhost:3000/" "Mozilla/5.0 (Windows NT 6.1; Win64; x64) AppleWebKit/537.36 (KHTML, like Gecko) Chrome/60.0.3112.101 Safari/537.36"
::1 - - [17/Aug/2017:12:23:55 +0000] "DELETE /topics/59958ad28a6fa60d107e1b07 HTTP/1.1" 200 255 "http://localhost:3000/" "Mozilla/5.0 (Windows NT 6.1; Win64; x64) AppleWebKit/537.36 (KHTML, like Gecko) Chrome/60.0.3112.101 Safari/537.36"
::1 - - [17/Aug/2017:12:26:53 +0000] "GET /users HTTP/1.1" 500 23 "http://localhost:3000/" "Mozilla/5.0 (Windows NT 6.1; Win64; x64) AppleWebKit/537.36 (KHTML, like Gecko) Chrome/60.0.3112.101 Safari/537.36"
::1 - - [17/Aug/2017:12:26:58 +0000] "POST /login HTTP/1.1" 200 801 "http://localhost:3000/" "Mozilla/5.0 (Windows NT 6.1; Win64; x64) AppleWebKit/537.36 (KHTML, like Gecko) Chrome/60.0.3112.101 Safari/537.36"
::1 - - [17/Aug/2017:12:26:58 +0000] "GET /categories HTTP/1.1" 200 5276 "http://localhost:3000/" "Mozilla/5.0 (Windows NT 6.1; Win64; x64) AppleWebKit/537.36 (KHTML, like Gecko) Chrome/60.0.3112.101 Safari/537.36"
::1 - - [17/Aug/2017:12:27:04 +0000] "GET /categories/5994abf0f2a4ab0c8cf41732 HTTP/1.1" 200 499 "http://localhost:3000/" "Mozilla/5.0 (Windows NT 6.1; Win64; x64) AppleWebKit/537.36 (KHTML, like Gecko) Chrome/60.0.3112.101 Safari/537.36"
::1 - - [17/Aug/2017:12:27:05 +0000] "GET /topics/59958ad68a6fa60d107e1b08 HTTP/1.1" 200 1027 "http://localhost:3000/" "Mozilla/5.0 (Windows NT 6.1; Win64; x64) AppleWebKit/537.36 (KHTML, like Gecko) Chrome/60.0.3112.101 Safari/537.36"
::1 - - [17/Aug/2017:12:27:06 +0000] "GET /categories HTTP/1.1" 304 - "http://localhost:3000/" "Mozilla/5.0 (Windows NT 6.1; Win64; x64) AppleWebKit/537.36 (KHTML, like Gecko) Chrome/60.0.3112.101 Safari/537.36"
::1 - - [17/Aug/2017:12:27:07 +0000] "DELETE /topics/59958ad68a6fa60d107e1b08 HTTP/1.1" 200 260 "http://localhost:3000/" "Mozilla/5.0 (Windows NT 6.1; Win64; x64) AppleWebKit/537.36 (KHTML, like Gecko) Chrome/60.0.3112.101 Safari/537.36"
::1 - - [17/Aug/2017:12:29:13 +0000] "GET /users HTTP/1.1" 500 23 "http://localhost:3000/" "Mozilla/5.0 (Windows NT 6.1; Win64; x64) AppleWebKit/537.36 (KHTML, like Gecko) Chrome/60.0.3112.101 Safari/537.36"
::1 - - [17/Aug/2017:12:29:18 +0000] "POST /login HTTP/1.1" 200 801 "http://localhost:3000/" "Mozilla/5.0 (Windows NT 6.1; Win64; x64) AppleWebKit/537.36 (KHTML, like Gecko) Chrome/60.0.3112.101 Safari/537.36"
::1 - - [17/Aug/2017:12:29:18 +0000] "GET /categories HTTP/1.1" 200 5025 "http://localhost:3000/" "Mozilla/5.0 (Windows NT 6.1; Win64; x64) AppleWebKit/537.36 (KHTML, like Gecko) Chrome/60.0.3112.101 Safari/537.36"
::1 - - [17/Aug/2017:12:29:22 +0000] "GET /categories/5994abebf2a4ab0c8cf41731 HTTP/1.1" 304 - "http://localhost:3000/" "Mozilla/5.0 (Windows NT 6.1; Win64; x64) AppleWebKit/537.36 (KHTML, like Gecko) Chrome/60.0.3112.101 Safari/537.36"
::1 - - [17/Aug/2017:12:29:23 +0000] "GET /topics/5994ae1df2a4ab0c8cf41737 HTTP/1.1" 200 1464 "http://localhost:3000/" "Mozilla/5.0 (Windows NT 6.1; Win64; x64) AppleWebKit/537.36 (KHTML, like Gecko) Chrome/60.0.3112.101 Safari/537.36"
::1 - - [17/Aug/2017:12:29:25 +0000] "GET /categories HTTP/1.1" 304 - "http://localhost:3000/" "Mozilla/5.0 (Windows NT 6.1; Win64; x64) AppleWebKit/537.36 (KHTML, like Gecko) Chrome/60.0.3112.101 Safari/537.36"
::1 - - [17/Aug/2017:12:29:26 +0000] "DELETE /topics/5994ae1df2a4ab0c8cf41737 HTTP/1.1" 200 1045 "http://localhost:3000/" "Mozilla/5.0 (Windows NT 6.1; Win64; x64) AppleWebKit/537.36 (KHTML, like Gecko) Chrome/60.0.3112.101 Safari/537.36"
::1 - - [17/Aug/2017:13:10:27 +0000] "GET /img/background.jpg HTTP/1.1" 404 157 "http://localhost/css/main.css" "Mozilla/5.0 (Windows NT 6.2; Win64; x64; rv:54.0) Gecko/20100101 Firefox/54.0"
::1 - - [17/Aug/2017:13:10:28 +0000] "GET /categories HTTP/1.1" 304 - "http://localhost/" "Mozilla/5.0 (Windows NT 6.2; Win64; x64; rv:54.0) Gecko/20100101 Firefox/54.0"
::1 - - [17/Aug/2017:13:12:43 +0000] "GET /img/background.jpg HTTP/1.1" 404 157 "http://localhost/css/main.css" "Mozilla/5.0 (Windows NT 6.2; Win64; x64; rv:54.0) Gecko/20100101 Firefox/54.0"
::1 - - [17/Aug/2017:13:12:44 +0000] "GET /categories HTTP/1.1" 304 - "http://localhost/" "Mozilla/5.0 (Windows NT 6.2; Win64; x64; rv:54.0) Gecko/20100101 Firefox/54.0"
::1 - - [17/Aug/2017:13:13:25 +0000] "GET /categories HTTP/1.1" 304 - "http://localhost/" "Mozilla/5.0 (Windows NT 6.2; Win64; x64; rv:54.0) Gecko/20100101 Firefox/54.0"
::1 - - [17/Aug/2017:13:13:39 +0000] "POST /categories HTTP/1.1" 500 23 "http://localhost/" "Mozilla/5.0 (Windows NT 6.2; Win64; x64; rv:54.0) Gecko/20100101 Firefox/54.0"
::1 - - [17/Aug/2017:13:13:44 +0000] "GET /users HTTP/1.1" 500 23 "http://localhost/" "Mozilla/5.0 (Windows NT 6.2; Win64; x64; rv:54.0) Gecko/20100101 Firefox/54.0"
::1 - - [17/Aug/2017:13:16:47 +0000] "POST /login HTTP/1.1" 200 369 "http://localhost/" "Mozilla/5.0 (Windows NT 6.2; Win64; x64; rv:54.0) Gecko/20100101 Firefox/54.0"
::1 - - [17/Aug/2017:13:16:47 +0000] "GET /categories HTTP/1.1" 200 4528 "http://localhost/" "Mozilla/5.0 (Windows NT 6.2; Win64; x64; rv:54.0) Gecko/20100101 Firefox/54.0"
::ffff:217.65.249.99 - - [17/Aug/2017:13:17:01 +0000] "GET /categories HTTP/1.1" 200 4528 "http://rkoretskiy-task2.westeurope.cloudapp.azure.com/" "Mozilla/5.0 (Windows NT 6.1; Win64; x64) AppleWebKit/537.36 (KHTML, like Gecko) Chrome/60.0.3112.101 Safari/537.36"
::ffff:217.65.249.99 - - [17/Aug/2017:13:17:08 +0000] "POST /categories HTTP/1.1" 500 23 "http://rkoretskiy-task2.westeurope.cloudapp.azure.com/" "Mozilla/5.0 (Windows NT 6.1; Win64; x64) AppleWebKit/537.36 (KHTML, like Gecko) Chrome/60.0.3112.101 Safari/537.36"
::ffff:217.65.249.99 - - [17/Aug/2017:13:17:11 +0000] "GET /categories/5994abe6f2a4ab0c8cf41730 HTTP/1.1" 200 4002 "http://rkoretskiy-task2.westeurope.cloudapp.azure.com/" "Mozilla/5.0 (Windows NT 6.1; Win64; x64) AppleWebKit/537.36 (KHTML, like Gecko) Chrome/60.0.3112.101 Safari/537.36"
::ffff:217.65.249.99 - - [17/Aug/2017:13:17:18 +0000] "GET /topics/5994ad7df2a4ab0c8cf41735 HTTP/1.1" 200 2131 "http://rkoretskiy-task2.westeurope.cloudapp.azure.com/" "Mozilla/5.0 (Windows NT 6.1; Win64; x64) AppleWebKit/537.36 (KHTML, like Gecko) Chrome/60.0.3112.101 Safari/537.36"
::ffff:217.65.249.99 - - [17/Aug/2017:13:17:20 +0000] "GET /categories HTTP/1.1" 304 - "http://rkoretskiy-task2.westeurope.cloudapp.azure.com/" "Mozilla/5.0 (Windows NT 6.1; Win64; x64) AppleWebKit/537.36 (KHTML, like Gecko) Chrome/60.0.3112.101 Safari/537.36"
::ffff:217.65.249.99 - - [17/Aug/2017:13:17:22 +0000] "POST /topics/5994ad7df2a4ab0c8cf41735/ HTTP/1.1" 500 23 "http://rkoretskiy-task2.westeurope.cloudapp.azure.com/" "Mozilla/5.0 (Windows NT 6.1; Win64; x64) AppleWebKit/537.36 (KHTML, like Gecko) Chrome/60.0.3112.101 Safari/537.36"
::1 - - [17/Aug/2017:13:18:22 +0000] "GET /users/5994ab5af2a4ab0c8cf4172c HTTP/1.1" 200 369 "http://localhost/" "Mozilla/5.0 (Windows NT 6.2; Win64; x64; rv:54.0) Gecko/20100101 Firefox/54.0"
::ffff:217.65.249.99 - - [17/Aug/2017:13:18:33 +0000] "GET /users HTTP/1.1" 500 23 "http://rkoretskiy-task2.westeurope.cloudapp.azure.com/" "Mozilla/5.0 (Windows NT 6.1; Win64; x64) AppleWebKit/537.36 (KHTML, like Gecko) Chrome/60.0.3112.101 Safari/537.36"
::1 - - [17/Aug/2017:13:18:35 +0000] "GET /users HTTP/1.1" 200 1659 "http://localhost/" "Mozilla/5.0 (Windows NT 6.2; Win64; x64; rv:54.0) Gecko/20100101 Firefox/54.0"
::ffff:217.65.249.99 - - [17/Aug/2017:13:18:44 +0000] "POST /login HTTP/1.1" 200 400 "http://rkoretskiy-task2.westeurope.cloudapp.azure.com/" "Mozilla/5.0 (Windows NT 6.1; Win64; x64) AppleWebKit/537.36 (KHTML, like Gecko) Chrome/60.0.3112.101 Safari/537.36"
::ffff:217.65.249.99 - - [17/Aug/2017:13:18:44 +0000] "GET /categories HTTP/1.1" 304 - "http://rkoretskiy-task2.westeurope.cloudapp.azure.com/" "Mozilla/5.0 (Windows NT 6.1; Win64; x64) AppleWebKit/537.36 (KHTML, like Gecko) Chrome/60.0.3112.101 Safari/537.36"
::ffff:217.65.249.99 - - [17/Aug/2017:13:18:47 +0000] "GET /categories/5994abe6f2a4ab0c8cf41730 HTTP/1.1" 304 - "http://rkoretskiy-task2.westeurope.cloudapp.azure.com/" "Mozilla/5.0 (Windows NT 6.1; Win64; x64) AppleWebKit/537.36 (KHTML, like Gecko) Chrome/60.0.3112.101 Safari/537.36"
::ffff:217.65.249.99 - - [17/Aug/2017:13:18:48 +0000] "GET /topics/5994ace1f2a4ab0c8cf41734 HTTP/1.1" 200 2651 "http://rkoretskiy-task2.westeurope.cloudapp.azure.com/" "Mozilla/5.0 (Windows NT 6.1; Win64; x64) AppleWebKit/537.36 (KHTML, like Gecko) Chrome/60.0.3112.101 Safari/537.36"
::ffff:217.65.249.99 - - [17/Aug/2017:13:18:51 +0000] "GET /categories HTTP/1.1" 304 - "http://rkoretskiy-task2.westeurope.cloudapp.azure.com/" "Mozilla/5.0 (Windows NT 6.1; Win64; x64) AppleWebKit/537.36 (KHTML, like Gecko) Chrome/60.0.3112.101 Safari/537.36"
::ffff:217.65.249.99 - - [17/Aug/2017:13:18:55 +0000] "POST /topics/5994ace1f2a4ab0c8cf41734/ HTTP/1.1" 500 38 "http://rkoretskiy-task2.westeurope.cloudapp.azure.com/" "Mozilla/5.0 (Windows NT 6.1; Win64; x64) AppleWebKit/537.36 (KHTML, like Gecko) Chrome/60.0.3112.101 Safari/537.36"
::ffff:217.65.249.99 - - [17/Aug/2017:13:19:06 +0000] "POST /posts/5994ae81f2a4ab0c8cf41738/ HTTP/1.1" 500 37 "http://rkoretskiy-task2.westeurope.cloudapp.azure.com/" "Mozilla/5.0 (Windows NT 6.1; Win64; x64) AppleWebKit/537.36 (KHTML, like Gecko) Chrome/60.0.3112.101 Safari/537.36"
::ffff:217.65.249.99 - - [17/Aug/2017:13:19:12 +0000] "POST /posts/5994aeb8f2a4ab0c8cf41739/ HTTP/1.1" 500 37 "http://rkoretskiy-task2.westeurope.cloudapp.azure.com/" "Mozilla/5.0 (Windows NT 6.1; Win64; x64) AppleWebKit/537.36 (KHTML, like Gecko) Chrome/60.0.3112.101 Safari/537.36"
::ffff:217.65.249.99 - - [17/Aug/2017:13:19:24 +0000] "POST /posts HTTP/1.1" 200 4 "http://rkoretskiy-task2.westeurope.cloudapp.azure.com/" "Mozilla/5.0 (Windows NT 6.1; Win64; x64) AppleWebKit/537.36 (KHTML, like Gecko) Chrome/60.0.3112.101 Safari/537.36"
::ffff:217.65.249.99 - - [17/Aug/2017:13:19:24 +0000] "GET /topics/5994ace1f2a4ab0c8cf41734 HTTP/1.1" 200 3321 "http://rkoretskiy-task2.westeurope.cloudapp.azure.com/" "Mozilla/5.0 (Windows NT 6.1; Win64; x64) AppleWebKit/537.36 (KHTML, like Gecko) Chrome/60.0.3112.101 Safari/537.36"
::ffff:217.65.249.99 - - [17/Aug/2017:13:19:31 +0000] "POST /posts/5994aeb8f2a4ab0c8cf41739/bestAnswer HTTP/1.1" 500 67 "http://rkoretskiy-task2.westeurope.cloudapp.azure.com/" "Mozilla/5.0 (Windows NT 6.1; Win64; x64) AppleWebKit/537.36 (KHTML, like Gecko) Chrome/60.0.3112.101 Safari/537.36"
::ffff:217.65.249.99 - - [17/Aug/2017:13:19:34 +0000] "POST /posts/5994ae81f2a4ab0c8cf41738/bestAnswer HTTP/1.1" 200 499 "http://rkoretskiy-task2.westeurope.cloudapp.azure.com/" "Mozilla/5.0 (Windows NT 6.1; Win64; x64) AppleWebKit/537.36 (KHTML, like Gecko) Chrome/60.0.3112.101 Safari/537.36"
::ffff:217.65.249.99 - - [17/Aug/2017:13:19:34 +0000] "GET /topics/5994ace1f2a4ab0c8cf41734 HTTP/1.1" 200 3322 "http://rkoretskiy-task2.westeurope.cloudapp.azure.com/" "Mozilla/5.0 (Windows NT 6.1; Win64; x64) AppleWebKit/537.36 (KHTML, like Gecko) Chrome/60.0.3112.101 Safari/537.36"
::ffff:217.65.249.99 - - [17/Aug/2017:13:19:35 +0000] "POST /posts/5994aeb8f2a4ab0c8cf41739/bestAnswer HTTP/1.1" 200 441 "http://rkoretskiy-task2.westeurope.cloudapp.azure.com/" "Mozilla/5.0 (Windows NT 6.1; Win64; x64) AppleWebKit/537.36 (KHTML, like Gecko) Chrome/60.0.3112.101 Safari/537.36"
::ffff:217.65.249.99 - - [17/Aug/2017:13:19:35 +0000] "GET /topics/5994ace1f2a4ab0c8cf41734 HTTP/1.1" 200 3321 "http://rkoretskiy-task2.westeurope.cloudapp.azure.com/" "Mozilla/5.0 (Windows NT 6.1; Win64; x64) AppleWebKit/537.36 (KHTML, like Gecko) Chrome/60.0.3112.101 Safari/537.36"
::ffff:217.65.249.99 - - [17/Aug/2017:13:19:48 +0000] "POST /posts HTTP/1.1" 200 4 "http://rkoretskiy-task2.westeurope.cloudapp.azure.com/" "Mozilla/5.0 (Windows NT 6.1; Win64; x64) AppleWebKit/537.36 (KHTML, like Gecko) Chrome/60.0.3112.101 Safari/537.36"
::ffff:217.65.249.99 - - [17/Aug/2017:13:19:48 +0000] "GET /topics/5994ace1f2a4ab0c8cf41734 HTTP/1.1" 200 4246 "http://rkoretskiy-task2.westeurope.cloudapp.azure.com/" "Mozilla/5.0 (Windows NT 6.1; Win64; x64) AppleWebKit/537.36 (KHTML, like Gecko) Chrome/60.0.3112.101 Safari/537.36"
::ffff:217.65.249.99 - - [17/Aug/2017:13:20:07 +0000] "POST /posts/599597dcb0df361168bbd94d/ HTTP/1.1" 200 258 "http://rkoretskiy-task2.westeurope.cloudapp.azure.com/" "Mozilla/5.0 (Windows NT 6.1; Win64; x64) AppleWebKit/537.36 (KHTML, like Gecko) Chrome/60.0.3112.101 Safari/537.36"
::ffff:217.65.249.99 - - [17/Aug/2017:13:20:13 +0000] "POST /posts/599597dcb0df361168bbd94d/vote HTTP/1.1" 200 284 "http://rkoretskiy-task2.westeurope.cloudapp.azure.com/" "Mozilla/5.0 (Windows NT 6.1; Win64; x64) AppleWebKit/537.36 (KHTML, like Gecko) Chrome/60.0.3112.101 Safari/537.36"
::ffff:217.65.249.99 - - [17/Aug/2017:13:20:14 +0000] "POST /posts/599597dcb0df361168bbd94d/vote HTTP/1.1" 200 284 "http://rkoretskiy-task2.westeurope.cloudapp.azure.com/" "Mozilla/5.0 (Windows NT 6.1; Win64; x64) AppleWebKit/537.36 (KHTML, like Gecko) Chrome/60.0.3112.101 Safari/537.36"
::ffff:217.65.249.99 - - [17/Aug/2017:13:20:16 +0000] "POST /posts/5994ae81f2a4ab0c8cf41738/vote HTTP/1.1" 200 499 "http://rkoretskiy-task2.westeurope.cloudapp.azure.com/" "Mozilla/5.0 (Windows NT 6.1; Win64; x64) AppleWebKit/537.36 (KHTML, like Gecko) Chrome/60.0.3112.101 Safari/537.36"
::ffff:217.65.249.99 - - [17/Aug/2017:13:20:16 +0000] "POST /posts/5994ae81f2a4ab0c8cf41738/vote HTTP/1.1" 200 499 "http://rkoretskiy-task2.westeurope.cloudapp.azure.com/" "Mozilla/5.0 (Windows NT 6.1; Win64; x64) AppleWebKit/537.36 (KHTML, like Gecko) Chrome/60.0.3112.101 Safari/537.36"
::ffff:217.65.249.99 - - [17/Aug/2017:13:20:34 +0000] "POST /logout HTTP/1.1" 200 2 "http://rkoretskiy-task2.westeurope.cloudapp.azure.com/" "Mozilla/5.0 (Windows NT 6.1; Win64; x64) AppleWebKit/537.36 (KHTML, like Gecko) Chrome/60.0.3112.101 Safari/537.36"
::ffff:217.65.249.99 - - [17/Aug/2017:13:20:34 +0000] "GET /categories HTTP/1.1" 200 4582 "http://rkoretskiy-task2.westeurope.cloudapp.azure.com/" "Mozilla/5.0 (Windows NT 6.1; Win64; x64) AppleWebKit/537.36 (KHTML, like Gecko) Chrome/60.0.3112.101 Safari/537.36"
::ffff:217.65.249.99 - - [17/Aug/2017:13:20:35 +0000] "GET /users HTTP/1.1" 500 23 "http://rkoretskiy-task2.westeurope.cloudapp.azure.com/" "Mozilla/5.0 (Windows NT 6.1; Win64; x64) AppleWebKit/537.36 (KHTML, like Gecko) Chrome/60.0.3112.101 Safari/537.36"
::ffff:217.65.249.99 - - [17/Aug/2017:13:20:46 +0000] "POST /login HTTP/1.1" 200 453 "http://rkoretskiy-task2.westeurope.cloudapp.azure.com/" "Mozilla/5.0 (Windows NT 6.1; Win64; x64) AppleWebKit/537.36 (KHTML, like Gecko) Chrome/60.0.3112.101 Safari/537.36"
::ffff:217.65.249.99 - - [17/Aug/2017:13:20:46 +0000] "GET /categories HTTP/1.1" 304 - "http://rkoretskiy-task2.westeurope.cloudapp.azure.com/" "Mozilla/5.0 (Windows NT 6.1; Win64; x64) AppleWebKit/537.36 (KHTML, like Gecko) Chrome/60.0.3112.101 Safari/537.36"
::ffff:217.65.249.99 - - [17/Aug/2017:13:20:50 +0000] "GET /categories/5994abebf2a4ab0c8cf41731 HTTP/1.1" 200 1816 "http://rkoretskiy-task2.westeurope.cloudapp.azure.com/" "Mozilla/5.0 (Windows NT 6.1; Win64; x64) AppleWebKit/537.36 (KHTML, like Gecko) Chrome/60.0.3112.101 Safari/537.36"
::ffff:217.65.249.99 - - [17/Aug/2017:13:20:51 +0000] "GET /topics/5994adecf2a4ab0c8cf41736 HTTP/1.1" 200 1207 "http://rkoretskiy-task2.westeurope.cloudapp.azure.com/" "Mozilla/5.0 (Windows NT 6.1; Win64; x64) AppleWebKit/537.36 (KHTML, like Gecko) Chrome/60.0.3112.101 Safari/537.36"
::ffff:217.65.249.99 - - [17/Aug/2017:13:20:57 +0000] "GET /categories HTTP/1.1" 304 - "http://rkoretskiy-task2.westeurope.cloudapp.azure.com/" "Mozilla/5.0 (Windows NT 6.1; Win64; x64) AppleWebKit/537.36 (KHTML, like Gecko) Chrome/60.0.3112.101 Safari/537.36"
::ffff:217.65.249.99 - - [17/Aug/2017:13:20:58 +0000] "GET /categories/5994abe6f2a4ab0c8cf41730 HTTP/1.1" 200 5585 "http://rkoretskiy-task2.westeurope.cloudapp.azure.com/" "Mozilla/5.0 (Windows NT 6.1; Win64; x64) AppleWebKit/537.36 (KHTML, like Gecko) Chrome/60.0.3112.101 Safari/537.36"
::ffff:217.65.249.99 - - [17/Aug/2017:13:20:59 +0000] "GET /topics/5994ace1f2a4ab0c8cf41734 HTTP/1.1" 200 4287 "http://rkoretskiy-task2.westeurope.cloudapp.azure.com/" "Mozilla/5.0 (Windows NT 6.1; Win64; x64) AppleWebKit/537.36 (KHTML, like Gecko) Chrome/60.0.3112.101 Safari/537.36"
::ffff:217.65.249.99 - - [17/Aug/2017:13:21:00 +0000] "POST /posts/5994ae81f2a4ab0c8cf41738/bestAnswer HTTP/1.1" 500 32 "http://rkoretskiy-task2.westeurope.cloudapp.azure.com/" "Mozilla/5.0 (Windows NT 6.1; Win64; x64) AppleWebKit/537.36 (KHTML, like Gecko) Chrome/60.0.3112.101 Safari/537.36"
::ffff:217.65.249.99 - - [17/Aug/2017:13:21:03 +0000] "POST /posts/5994aeb8f2a4ab0c8cf41739/bestAnswer HTTP/1.1" 500 32 "http://rkoretskiy-task2.westeurope.cloudapp.azure.com/" "Mozilla/5.0 (Windows NT 6.1; Win64; x64) AppleWebKit/537.36 (KHTML, like Gecko) Chrome/60.0.3112.101 Safari/537.36"
::ffff:217.65.249.99 - - [17/Aug/2017:13:21:10 +0000] "POST /posts/5994ae81f2a4ab0c8cf41738/ HTTP/1.1" 500 37 "http://rkoretskiy-task2.westeurope.cloudapp.azure.com/" "Mozilla/5.0 (Windows NT 6.1; Win64; x64) AppleWebKit/537.36 (KHTML, like Gecko) Chrome/60.0.3112.101 Safari/537.36"
::1 - - [17/Aug/2017:13:21:36 +0000] "GET /categories HTTP/1.1" 200 4582 "http://localhost/" "Mozilla/5.0 (Windows NT 6.2; Win64; x64; rv:54.0) Gecko/20100101 Firefox/54.0"
::1 - - [17/Aug/2017:13:21:37 +0000] "GET /users HTTP/1.1" 200 1711 "http://localhost/" "Mozilla/5.0 (Windows NT 6.2; Win64; x64; rv:54.0) Gecko/20100101 Firefox/54.0"
::1 - - [17/Aug/2017:13:23:07 +0000] "GET /categories HTTP/1.1" 304 - "http://localhost/" "Mozilla/5.0 (Windows NT 6.2; Win64; x64; rv:54.0) Gecko/20100101 Firefox/54.0"
::1 - - [17/Aug/2017:13:23:08 +0000] "GET /users HTTP/1.1" 500 23 "http://localhost/" "Mozilla/5.0 (Windows NT 6.2; Win64; x64; rv:54.0) Gecko/20100101 Firefox/54.0"
::1 - - [17/Aug/2017:13:23:12 +0000] "GET /categories HTTP/1.1" 304 - "http://localhost/" "Mozilla/5.0 (Windows NT 6.2; Win64; x64; rv:54.0) Gecko/20100101 Firefox/54.0"
::1 - - [17/Aug/2017:13:23:12 +0000] "GET /users HTTP/1.1" 500 23 "http://localhost/" "Mozilla/5.0 (Windows NT 6.2; Win64; x64; rv:54.0) Gecko/20100101 Firefox/54.0"
::1 - - [17/Aug/2017:13:23:23 +0000] "GET /users/5994ab5af2a4ab0c8cf4172c HTTP/1.1" 500 23 "http://localhost/" "Mozilla/5.0 (Windows NT 6.2; Win64; x64; rv:54.0) Gecko/20100101 Firefox/54.0"
::1 - - [17/Aug/2017:13:23:24 +0000] "GET /categories HTTP/1.1" 304 - "http://localhost/" "Mozilla/5.0 (Windows NT 6.2; Win64; x64; rv:54.0) Gecko/20100101 Firefox/54.0"
::1 - - [17/Aug/2017:13:23:27 +0000] "GET /users HTTP/1.1" 500 23 "http://localhost/" "Mozilla/5.0 (Windows NT 6.2; Win64; x64; rv:54.0) Gecko/20100101 Firefox/54.0"
::1 - - [17/Aug/2017:13:23:33 +0000] "POST /login HTTP/1.1" 200 369 "http://localhost/" "Mozilla/5.0 (Windows NT 6.2; Win64; x64; rv:54.0) Gecko/20100101 Firefox/54.0"
::1 - - [17/Aug/2017:13:23:33 +0000] "GET /categories HTTP/1.1" 304 - "http://localhost/" "Mozilla/5.0 (Windows NT 6.2; Win64; x64; rv:54.0) Gecko/20100101 Firefox/54.0"
::1 - - [17/Aug/2017:13:23:50 +0000] "GET /users HTTP/1.1" 200 1711 "http://localhost/" "Mozilla/5.0 (Windows NT 6.2; Win64; x64; rv:54.0) Gecko/20100101 Firefox/54.0"
::1 - - [17/Aug/2017:13:24:02 +0000] "POST /users/5994ab88f2a4ab0c8cf4172e HTTP/1.1" 200 452 "http://localhost/" "Mozilla/5.0 (Windows NT 6.2; Win64; x64; rv:54.0) Gecko/20100101 Firefox/54.0"
::1 - - [17/Aug/2017:13:24:03 +0000] "GET /users HTTP/1.1" 200 1710 "http://localhost/" "Mozilla/5.0 (Windows NT 6.2; Win64; x64; rv:54.0) Gecko/20100101 Firefox/54.0"
::ffff:217.65.249.99 - - [17/Aug/2017:13:31:39 +0000] "GET /topics/5994ace1f2a4ab0c8cf41734 HTTP/1.1" 200 4286 "http://rkoretskiy-task2.westeurope.cloudapp.azure.com/" "Mozilla/5.0 (Windows NT 6.1; Win64; x64) AppleWebKit/537.36 (KHTML, like Gecko) Chrome/60.0.3112.101 Safari/537.36"
::ffff:217.65.249.99 - - [17/Aug/2017:13:31:41 +0000] "GET /favicon.ico HTTP/1.1" 404 150 "http://rkoretskiy-task2.westeurope.cloudapp.azure.com/" "Mozilla/5.0 (Windows NT 6.1; Win64; x64) AppleWebKit/537.36 (KHTML, like Gecko) Chrome/60.0.3112.101 Safari/537.36"
::ffff:217.65.249.99 - - [17/Aug/2017:13:34:05 +0000] "GET /categories HTTP/1.1" 200 4582 "http://rkoretskiy-task2.westeurope.cloudapp.azure.com/" "Mozilla/5.0 (Windows NT 6.1; Win64; x64) AppleWebKit/537.36 (KHTML, like Gecko) Chrome/60.0.3112.101 Safari/537.36"
::1 - - [17/Aug/2017:13:34:25 +0000] "GET /users HTTP/1.1" 500 23 "http://localhost/" "Mozilla/5.0 (Windows NT 6.2; Win64; x64; rv:54.0) Gecko/20100101 Firefox/54.0"
::1 - - [17/Aug/2017:13:34:29 +0000] "GET /users HTTP/1.1" 500 23 "http://localhost/" "Mozilla/5.0 (Windows NT 6.2; Win64; x64; rv:54.0) Gecko/20100101 Firefox/54.0"
::1 - - [17/Aug/2017:13:34:41 +0000] "POST /login HTTP/1.1" 200 369 "http://localhost/" "Mozilla/5.0 (Windows NT 6.2; Win64; x64; rv:54.0) Gecko/20100101 Firefox/54.0"
::1 - - [17/Aug/2017:13:34:41 +0000] "GET /categories HTTP/1.1" 304 - "http://localhost/" "Mozilla/5.0 (Windows NT 6.2; Win64; x64; rv:54.0) Gecko/20100101 Firefox/54.0"
::1 - - [17/Aug/2017:13:34:46 +0000] "GET /users HTTP/1.1" 200 1711 "http://localhost/" "Mozilla/5.0 (Windows NT 6.2; Win64; x64; rv:54.0) Gecko/20100101 Firefox/54.0"
::ffff:217.65.249.99 - - [17/Aug/2017:13:40:50 +0000] "GET /users HTTP/1.1" 500 23 "http://rkoretskiy-task2.westeurope.cloudapp.azure.com/" "Mozilla/5.0 (Windows NT 6.1; Win64; x64) AppleWebKit/537.36 (KHTML, like Gecko) Chrome/60.0.3112.101 Safari/537.36"
::ffff:217.65.249.99 - - [17/Aug/2017:13:41:01 +0000] "POST /login HTTP/1.1" 200 452 "http://rkoretskiy-task2.westeurope.cloudapp.azure.com/" "Mozilla/5.0 (Windows NT 6.1; Win64; x64) AppleWebKit/537.36 (KHTML, like Gecko) Chrome/60.0.3112.101 Safari/537.36"
::ffff:217.65.249.99 - - [17/Aug/2017:13:41:01 +0000] "GET /categories HTTP/1.1" 304 - "http://rkoretskiy-task2.westeurope.cloudapp.azure.com/" "Mozilla/5.0 (Windows NT 6.1; Win64; x64) AppleWebKit/537.36 (KHTML, like Gecko) Chrome/60.0.3112.101 Safari/537.36"
::ffff:217.65.249.99 - - [17/Aug/2017:13:41:06 +0000] "GET /users/5994ab88f2a4ab0c8cf4172e HTTP/1.1" 200 452 "http://rkoretskiy-task2.westeurope.cloudapp.azure.com/" "Mozilla/5.0 (Windows NT 6.1; Win64; x64) AppleWebKit/537.36 (KHTML, like Gecko) Chrome/60.0.3112.101 Safari/537.36"
::ffff:217.65.249.99 - - [17/Aug/2017:13:41:15 +0000] "GET /categories HTTP/1.1" 304 - "http://rkoretskiy-task2.westeurope.cloudapp.azure.com/" "Mozilla/5.0 (Windows NT 6.1; Win64; x64) AppleWebKit/537.36 (KHTML, like Gecko) Chrome/60.0.3112.101 Safari/537.36"
::ffff:217.65.249.99 - - [17/Aug/2017:13:41:17 +0000] "GET /categories/5994abe6f2a4ab0c8cf41730 HTTP/1.1" 200 5584 "http://rkoretskiy-task2.westeurope.cloudapp.azure.com/" "Mozilla/5.0 (Windows NT 6.1; Win64; x64) AppleWebKit/537.36 (KHTML, like Gecko) Chrome/60.0.3112.101 Safari/537.36"
::ffff:217.65.249.99 - - [17/Aug/2017:13:41:27 +0000] "POST /topics HTTP/1.1" 500 22 "http://rkoretskiy-task2.westeurope.cloudapp.azure.com/" "Mozilla/5.0 (Windows NT 6.1; Win64; x64) AppleWebKit/537.36 (KHTML, like Gecko) Chrome/60.0.3112.101 Safari/537.36"
::ffff:217.65.249.99 - - [17/Aug/2017:13:41:38 +0000] "GET /topics/5994ace1f2a4ab0c8cf41734 HTTP/1.1" 200 4286 "http://rkoretskiy-task2.westeurope.cloudapp.azure.com/" "Mozilla/5.0 (Windows NT 6.1; Win64; x64) AppleWebKit/537.36 (KHTML, like Gecko) Chrome/60.0.3112.101 Safari/537.36"
::ffff:217.65.249.99 - - [17/Aug/2017:13:41:45 +0000] "POST /posts HTTP/1.1" 500 22 "http://rkoretskiy-task2.westeurope.cloudapp.azure.com/" "Mozilla/5.0 (Windows NT 6.1; Win64; x64) AppleWebKit/537.36 (KHTML, like Gecko) Chrome/60.0.3112.101 Safari/537.36"
::ffff:217.65.249.99 - - [17/Aug/2017:13:42:35 +0000] "GET /topics/5994ace1f2a4ab0c8cf41734 HTTP/1.1" 200 4286 "http://rkoretskiy-task2.westeurope.cloudapp.azure.com/" "Mozilla/5.0 (Windows NT 6.1; Win64; x64) AppleWebKit/537.36 (KHTML, like Gecko) Chrome/60.0.3112.101 Safari/537.36"
::ffff:217.65.249.99 - - [17/Aug/2017:13:42:38 +0000] "GET /users HTTP/1.1" 500 23 "http://rkoretskiy-task2.westeurope.cloudapp.azure.com/" "Mozilla/5.0 (Windows NT 6.1; Win64; x64) AppleWebKit/537.36 (KHTML, like Gecko) Chrome/60.0.3112.101 Safari/537.36"
::ffff:217.65.249.99 - - [17/Aug/2017:13:42:46 +0000] "POST /login HTTP/1.1" 200 452 "http://rkoretskiy-task2.westeurope.cloudapp.azure.com/" "Mozilla/5.0 (Windows NT 6.1; Win64; x64) AppleWebKit/537.36 (KHTML, like Gecko) Chrome/60.0.3112.101 Safari/537.36"
::ffff:217.65.249.99 - - [17/Aug/2017:13:42:46 +0000] "GET /categories HTTP/1.1" 304 - "http://rkoretskiy-task2.westeurope.cloudapp.azure.com/" "Mozilla/5.0 (Windows NT 6.1; Win64; x64) AppleWebKit/537.36 (KHTML, like Gecko) Chrome/60.0.3112.101 Safari/537.36"
::ffff:217.65.249.99 - - [17/Aug/2017:13:42:52 +0000] "GET /categories/5994abf0f2a4ab0c8cf41732 HTTP/1.1" 200 2 "http://rkoretskiy-task2.westeurope.cloudapp.azure.com/" "Mozilla/5.0 (Windows NT 6.1; Win64; x64) AppleWebKit/537.36 (KHTML, like Gecko) Chrome/60.0.3112.101 Safari/537.36"
::ffff:217.65.249.99 - - [17/Aug/2017:13:42:57 +0000] "POST /topics HTTP/1.1" 500 22 "http://rkoretskiy-task2.westeurope.cloudapp.azure.com/" "Mozilla/5.0 (Windows NT 6.1; Win64; x64) AppleWebKit/537.36 (KHTML, like Gecko) Chrome/60.0.3112.101 Safari/537.36"
::ffff:217.65.249.99 - - [17/Aug/2017:13:43:00 +0000] "GET /categories HTTP/1.1" 304 - "http://rkoretskiy-task2.westeurope.cloudapp.azure.com/" "Mozilla/5.0 (Windows NT 6.1; Win64; x64) AppleWebKit/537.36 (KHTML, like Gecko) Chrome/60.0.3112.101 Safari/537.36"
::ffff:217.65.249.99 - - [17/Aug/2017:13:43:01 +0000] "GET /categories/5994abe6f2a4ab0c8cf41730 HTTP/1.1" 200 5584 "http://rkoretskiy-task2.westeurope.cloudapp.azure.com/" "Mozilla/5.0 (Windows NT 6.1; Win64; x64) AppleWebKit/537.36 (KHTML, like Gecko) Chrome/60.0.3112.101 Safari/537.36"
::ffff:217.65.249.99 - - [17/Aug/2017:13:43:02 +0000] "GET /topics/5994ace1f2a4ab0c8cf41734 HTTP/1.1" 200 4286 "http://rkoretskiy-task2.westeurope.cloudapp.azure.com/" "Mozilla/5.0 (Windows NT 6.1; Win64; x64) AppleWebKit/537.36 (KHTML, like Gecko) Chrome/60.0.3112.101 Safari/537.36"
::ffff:217.65.249.99 - - [17/Aug/2017:13:43:05 +0000] "POST /posts HTTP/1.1" 500 22 "http://rkoretskiy-task2.westeurope.cloudapp.azure.com/" "Mozilla/5.0 (Windows NT 6.1; Win64; x64) AppleWebKit/537.36 (KHTML, like Gecko) Chrome/60.0.3112.101 Safari/537.36"
::ffff:217.65.249.99 - - [17/Aug/2017:13:47:35 +0000] "GET /categories HTTP/1.1" 304 - "http://rkoretskiy-task2.westeurope.cloudapp.azure.com/" "Mozilla/5.0 (Windows NT 6.1; Win64; x64) AppleWebKit/537.36 (KHTML, like Gecko) Chrome/60.0.3112.101 Safari/537.36"
::1 - - [17/Aug/2017:13:48:29 +0000] "GET /users HTTP/1.1" 500 23 "http://localhost/" "Mozilla/5.0 (Windows NT 6.2; Win64; x64; rv:54.0) Gecko/20100101 Firefox/54.0"
::1 - - [17/Aug/2017:13:48:33 +0000] "GET /users HTTP/1.1" 500 23 "http://localhost/" "Mozilla/5.0 (Windows NT 6.2; Win64; x64; rv:54.0) Gecko/20100101 Firefox/54.0"
::1 - - [17/Aug/2017:13:48:40 +0000] "POST /login HTTP/1.1" 200 369 "http://localhost/" "Mozilla/5.0 (Windows NT 6.2; Win64; x64; rv:54.0) Gecko/20100101 Firefox/54.0"
::1 - - [17/Aug/2017:13:48:40 +0000] "GET /categories HTTP/1.1" 304 - "http://localhost/" "Mozilla/5.0 (Windows NT 6.2; Win64; x64; rv:54.0) Gecko/20100101 Firefox/54.0"
::1 - - [17/Aug/2017:13:48:43 +0000] "GET /users HTTP/1.1" 200 1711 "http://localhost/" "Mozilla/5.0 (Windows NT 6.2; Win64; x64; rv:54.0) Gecko/20100101 Firefox/54.0"
::ffff:217.65.249.99 - - [17/Aug/2017:13:48:47 +0000] "GET /users HTTP/1.1" 500 23 "http://rkoretskiy-task2.westeurope.cloudapp.azure.com/" "Mozilla/5.0 (Windows NT 6.1; Win64; x64) AppleWebKit/537.36 (KHTML, like Gecko) Chrome/60.0.3112.101 Safari/537.36"
::ffff:217.65.249.99 - - [17/Aug/2017:13:48:56 +0000] "POST /login HTTP/1.1" 200 452 "http://rkoretskiy-task2.westeurope.cloudapp.azure.com/" "Mozilla/5.0 (Windows NT 6.1; Win64; x64) AppleWebKit/537.36 (KHTML, like Gecko) Chrome/60.0.3112.101 Safari/537.36"
::ffff:217.65.249.99 - - [17/Aug/2017:13:48:56 +0000] "GET /categories HTTP/1.1" 304 - "http://rkoretskiy-task2.westeurope.cloudapp.azure.com/" "Mozilla/5.0 (Windows NT 6.1; Win64; x64) AppleWebKit/537.36 (KHTML, like Gecko) Chrome/60.0.3112.101 Safari/537.36"
::ffff:217.65.249.99 - - [17/Aug/2017:13:48:59 +0000] "GET /categories/5994abe6f2a4ab0c8cf41730 HTTP/1.1" 200 5584 "http://rkoretskiy-task2.westeurope.cloudapp.azure.com/" "Mozilla/5.0 (Windows NT 6.1; Win64; x64) AppleWebKit/537.36 (KHTML, like Gecko) Chrome/60.0.3112.101 Safari/537.36"
::ffff:217.65.249.99 - - [17/Aug/2017:13:49:03 +0000] "POST /topics HTTP/1.1" 500 22 "http://rkoretskiy-task2.westeurope.cloudapp.azure.com/" "Mozilla/5.0 (Windows NT 6.1; Win64; x64) AppleWebKit/537.36 (KHTML, like Gecko) Chrome/60.0.3112.101 Safari/537.36"
::ffff:217.65.249.99 - - [17/Aug/2017:13:49:06 +0000] "GET /topics/5994ace1f2a4ab0c8cf41734 HTTP/1.1" 200 4286 "http://rkoretskiy-task2.westeurope.cloudapp.azure.com/" "Mozilla/5.0 (Windows NT 6.1; Win64; x64) AppleWebKit/537.36 (KHTML, like Gecko) Chrome/60.0.3112.101 Safari/537.36"
::ffff:217.65.249.99 - - [17/Aug/2017:13:49:09 +0000] "POST /posts/599597f4b0df361168bbd94e/vote HTTP/1.1" 500 22 "http://rkoretskiy-task2.westeurope.cloudapp.azure.com/" "Mozilla/5.0 (Windows NT 6.1; Win64; x64) AppleWebKit/537.36 (KHTML, like Gecko) Chrome/60.0.3112.101 Safari/537.36"
::ffff:217.65.249.99 - - [17/Aug/2017:13:49:10 +0000] "POST /posts/599597f4b0df361168bbd94e/vote HTTP/1.1" 500 22 "http://rkoretskiy-task2.westeurope.cloudapp.azure.com/" "Mozilla/5.0 (Windows NT 6.1; Win64; x64) AppleWebKit/537.36 (KHTML, like Gecko) Chrome/60.0.3112.101 Safari/537.36"
::ffff:217.65.249.99 - - [17/Aug/2017:13:49:25 +0000] "POST /posts HTTP/1.1" 500 22 "http://rkoretskiy-task2.westeurope.cloudapp.azure.com/" "Mozilla/5.0 (Windows NT 6.1; Win64; x64) AppleWebKit/537.36 (KHTML, like Gecko) Chrome/60.0.3112.101 Safari/537.36"
::1 - - [17/Aug/2017:13:52:19 +0000] "GET /users HTTP/1.1" 500 23 "http://localhost/" "Mozilla/5.0 (Windows NT 6.2; Win64; x64; rv:54.0) Gecko/20100101 Firefox/54.0"
::1 - - [17/Aug/2017:13:52:20 +0000] "GET /users HTTP/1.1" 500 23 "http://localhost/" "Mozilla/5.0 (Windows NT 6.2; Win64; x64; rv:54.0) Gecko/20100101 Firefox/54.0"
::1 - - [17/Aug/2017:13:52:40 +0000] "POST /login HTTP/1.1" 200 369 "http://localhost/" "Mozilla/5.0 (Windows NT 6.2; Win64; x64; rv:54.0) Gecko/20100101 Firefox/54.0"
::1 - - [17/Aug/2017:13:52:41 +0000] "GET /categories HTTP/1.1" 304 - "http://localhost/" "Mozilla/5.0 (Windows NT 6.2; Win64; x64; rv:54.0) Gecko/20100101 Firefox/54.0"
::1 - - [17/Aug/2017:13:52:44 +0000] "GET /users HTTP/1.1" 200 1710 "http://localhost/" "Mozilla/5.0 (Windows NT 6.2; Win64; x64; rv:54.0) Gecko/20100101 Firefox/54.0"
::ffff:217.65.249.99 - - [17/Aug/2017:13:52:51 +0000] "POST /posts HTTP/1.1" 500 23 "http://rkoretskiy-task2.westeurope.cloudapp.azure.com/" "Mozilla/5.0 (Windows NT 6.1; Win64; x64) AppleWebKit/537.36 (KHTML, like Gecko) Chrome/60.0.3112.101 Safari/537.36"
::ffff:217.65.249.99 - - [17/Aug/2017:13:52:54 +0000] "GET /categories HTTP/1.1" 304 - "http://rkoretskiy-task2.westeurope.cloudapp.azure.com/" "Mozilla/5.0 (Windows NT 6.1; Win64; x64) AppleWebKit/537.36 (KHTML, like Gecko) Chrome/60.0.3112.101 Safari/537.36"
::ffff:217.65.249.99 - - [17/Aug/2017:13:52:56 +0000] "GET /users/5994ab88f2a4ab0c8cf4172e HTTP/1.1" 500 23 "http://rkoretskiy-task2.westeurope.cloudapp.azure.com/" "Mozilla/5.0 (Windows NT 6.1; Win64; x64) AppleWebKit/537.36 (KHTML, like Gecko) Chrome/60.0.3112.101 Safari/537.36"
::ffff:217.65.249.99 - - [17/Aug/2017:13:52:56 +0000] "GET /categories HTTP/1.1" 304 - "http://rkoretskiy-task2.westeurope.cloudapp.azure.com/" "Mozilla/5.0 (Windows NT 6.1; Win64; x64) AppleWebKit/537.36 (KHTML, like Gecko) Chrome/60.0.3112.101 Safari/537.36"
::1 - - [17/Aug/2017:13:53:05 +0000] "GET /users HTTP/1.1" 304 - "http://localhost/" "Mozilla/5.0 (Windows NT 6.2; Win64; x64; rv:54.0) Gecko/20100101 Firefox/54.0"
::ffff:217.65.249.99 - - [17/Aug/2017:13:53:12 +0000] "GET /users HTTP/1.1" 500 23 "http://rkoretskiy-task2.westeurope.cloudapp.azure.com/" "Mozilla/5.0 (Windows NT 6.1; Win64; x64) AppleWebKit/537.36 (KHTML, like Gecko) Chrome/60.0.3112.101 Safari/537.36"
::ffff:217.65.249.99 - - [17/Aug/2017:13:53:19 +0000] "POST /login HTTP/1.1" 200 452 "http://rkoretskiy-task2.westeurope.cloudapp.azure.com/" "Mozilla/5.0 (Windows NT 6.1; Win64; x64) AppleWebKit/537.36 (KHTML, like Gecko) Chrome/60.0.3112.101 Safari/537.36"
::ffff:217.65.249.99 - - [17/Aug/2017:13:53:20 +0000] "GET /categories HTTP/1.1" 304 - "http://rkoretskiy-task2.westeurope.cloudapp.azure.com/" "Mozilla/5.0 (Windows NT 6.1; Win64; x64) AppleWebKit/537.36 (KHTML, like Gecko) Chrome/60.0.3112.101 Safari/537.36"
::ffff:217.65.249.99 - - [17/Aug/2017:13:53:32 +0000] "POST /categories HTTP/1.1" 500 24 "http://rkoretskiy-task2.westeurope.cloudapp.azure.com/" "Mozilla/5.0 (Windows NT 6.1; Win64; x64) AppleWebKit/537.36 (KHTML, like Gecko) Chrome/60.0.3112.101 Safari/537.36"
::ffff:217.65.249.99 - - [17/Aug/2017:13:53:35 +0000] "GET /categories/5994abf0f2a4ab0c8cf41732 HTTP/1.1" 304 - "http://rkoretskiy-task2.westeurope.cloudapp.azure.com/" "Mozilla/5.0 (Windows NT 6.1; Win64; x64) AppleWebKit/537.36 (KHTML, like Gecko) Chrome/60.0.3112.101 Safari/537.36"
::ffff:217.65.249.99 - - [17/Aug/2017:13:53:42 +0000] "POST /topics HTTP/1.1" 500 22 "http://rkoretskiy-task2.westeurope.cloudapp.azure.com/" "Mozilla/5.0 (Windows NT 6.1; Win64; x64) AppleWebKit/537.36 (KHTML, like Gecko) Chrome/60.0.3112.101 Safari/537.36"
::ffff:217.65.249.99 - - [17/Aug/2017:13:53:45 +0000] "GET /categories HTTP/1.1" 304 - "http://rkoretskiy-task2.westeurope.cloudapp.azure.com/" "Mozilla/5.0 (Windows NT 6.1; Win64; x64) AppleWebKit/537.36 (KHTML, like Gecko) Chrome/60.0.3112.101 Safari/537.36"
::ffff:217.65.249.99 - - [17/Aug/2017:13:53:48 +0000] "GET /categories/5994abe6f2a4ab0c8cf41730 HTTP/1.1" 200 5584 "http://rkoretskiy-task2.westeurope.cloudapp.azure.com/" "Mozilla/5.0 (Windows NT 6.1; Win64; x64) AppleWebKit/537.36 (KHTML, like Gecko) Chrome/60.0.3112.101 Safari/537.36"
::1 - - [17/Aug/2017:13:53:54 +0000] "GET /users HTTP/1.1" 200 1710 "http://localhost/" "Mozilla/5.0 (Windows NT 6.2; Win64; x64; rv:54.0) Gecko/20100101 Firefox/54.0"
::ffff:217.65.249.99 - - [17/Aug/2017:13:53:58 +0000] "GET /topics/5994ace1f2a4ab0c8cf41734 HTTP/1.1" 200 4286 "http://rkoretskiy-task2.westeurope.cloudapp.azure.com/" "Mozilla/5.0 (Windows NT 6.1; Win64; x64) AppleWebKit/537.36 (KHTML, like Gecko) Chrome/60.0.3112.101 Safari/537.36"
::ffff:217.65.249.99 - - [17/Aug/2017:13:54:01 +0000] "POST /posts/599597f4b0df361168bbd94e/vote HTTP/1.1" 500 22 "http://rkoretskiy-task2.westeurope.cloudapp.azure.com/" "Mozilla/5.0 (Windows NT 6.1; Win64; x64) AppleWebKit/537.36 (KHTML, like Gecko) Chrome/60.0.3112.101 Safari/537.36"
::ffff:217.65.249.99 - - [17/Aug/2017:13:54:06 +0000] "POST /posts/599597f4b0df361168bbd94e/vote HTTP/1.1" 500 22 "http://rkoretskiy-task2.westeurope.cloudapp.azure.com/" "Mozilla/5.0 (Windows NT 6.1; Win64; x64) AppleWebKit/537.36 (KHTML, like Gecko) Chrome/60.0.3112.101 Safari/537.36"
::ffff:217.65.249.99 - - [17/Aug/2017:13:54:11 +0000] "POST /posts HTTP/1.1" 500 22 "http://rkoretskiy-task2.westeurope.cloudapp.azure.com/" "Mozilla/5.0 (Windows NT 6.1; Win64; x64) AppleWebKit/537.36 (KHTML, like Gecko) Chrome/60.0.3112.101 Safari/537.36"
::1 - - [17/Aug/2017:13:55:23 +0000] "GET /users HTTP/1.1" 500 23 "http://localhost/" "Mozilla/5.0 (Windows NT 6.2; Win64; x64; rv:54.0) Gecko/20100101 Firefox/54.0"
::1 - - [17/Aug/2017:13:55:30 +0000] "POST /login HTTP/1.1" 200 369 "http://localhost/" "Mozilla/5.0 (Windows NT 6.2; Win64; x64; rv:54.0) Gecko/20100101 Firefox/54.0"
::1 - - [17/Aug/2017:13:55:31 +0000] "GET /categories HTTP/1.1" 200 4528 "http://localhost/" "Mozilla/5.0 (Windows NT 6.2; Win64; x64; rv:54.0) Gecko/20100101 Firefox/54.0"
::1 - - [17/Aug/2017:13:55:35 +0000] "GET /users HTTP/1.1" 200 1659 "http://localhost/" "Mozilla/5.0 (Windows NT 6.2; Win64; x64; rv:54.0) Gecko/20100101 Firefox/54.0"
::ffff:217.65.249.99 - - [17/Aug/2017:13:55:45 +0000] "GET /categories HTTP/1.1" 200 4528 "http://rkoretskiy-task2.westeurope.cloudapp.azure.com/" "Mozilla/5.0 (Windows NT 6.1; Win64; x64) AppleWebKit/537.36 (KHTML, like Gecko) Chrome/60.0.3112.101 Safari/537.36"
::ffff:217.65.249.99 - - [17/Aug/2017:13:55:46 +0000] "GET /users HTTP/1.1" 500 23 "http://rkoretskiy-task2.westeurope.cloudapp.azure.com/" "Mozilla/5.0 (Windows NT 6.1; Win64; x64) AppleWebKit/537.36 (KHTML, like Gecko) Chrome/60.0.3112.101 Safari/537.36"
::ffff:217.65.249.99 - - [17/Aug/2017:13:55:52 +0000] "POST /login HTTP/1.1" 200 453 "http://rkoretskiy-task2.westeurope.cloudapp.azure.com/" "Mozilla/5.0 (Windows NT 6.1; Win64; x64) AppleWebKit/537.36 (KHTML, like Gecko) Chrome/60.0.3112.101 Safari/537.36"
::ffff:217.65.249.99 - - [17/Aug/2017:13:55:52 +0000] "GET /categories HTTP/1.1" 304 - "http://rkoretskiy-task2.westeurope.cloudapp.azure.com/" "Mozilla/5.0 (Windows NT 6.1; Win64; x64) AppleWebKit/537.36 (KHTML, like Gecko) Chrome/60.0.3112.101 Safari/537.36"
::ffff:217.65.249.99 - - [17/Aug/2017:13:55:56 +0000] "GET /categories/5994abe6f2a4ab0c8cf41730 HTTP/1.1" 200 4002 "http://rkoretskiy-task2.westeurope.cloudapp.azure.com/" "Mozilla/5.0 (Windows NT 6.1; Win64; x64) AppleWebKit/537.36 (KHTML, like Gecko) Chrome/60.0.3112.101 Safari/537.36"
::ffff:217.65.249.99 - - [17/Aug/2017:13:55:57 +0000] "GET /topics/5994ace1f2a4ab0c8cf41734 HTTP/1.1" 200 2651 "http://rkoretskiy-task2.westeurope.cloudapp.azure.com/" "Mozilla/5.0 (Windows NT 6.1; Win64; x64) AppleWebKit/537.36 (KHTML, like Gecko) Chrome/60.0.3112.101 Safari/537.36"
::ffff:217.65.249.99 - - [17/Aug/2017:13:56:00 +0000] "POST /posts HTTP/1.1" 200 4 "http://rkoretskiy-task2.westeurope.cloudapp.azure.com/" "Mozilla/5.0 (Windows NT 6.1; Win64; x64) AppleWebKit/537.36 (KHTML, like Gecko) Chrome/60.0.3112.101 Safari/537.36"
::ffff:217.65.249.99 - - [17/Aug/2017:13:56:00 +0000] "GET /topics/5994ace1f2a4ab0c8cf41734 HTTP/1.1" 200 3374 "http://rkoretskiy-task2.westeurope.cloudapp.azure.com/" "Mozilla/5.0 (Windows NT 6.1; Win64; x64) AppleWebKit/537.36 (KHTML, like Gecko) Chrome/60.0.3112.101 Safari/537.36"
::1 - - [17/Aug/2017:13:56:24 +0000] "POST /users/5994ab88f2a4ab0c8cf4172e HTTP/1.1" 200 479 "http://localhost/" "Mozilla/5.0 (Windows NT 6.2; Win64; x64; rv:54.0) Gecko/20100101 Firefox/54.0"
::1 - - [17/Aug/2017:13:56:24 +0000] "GET /users HTTP/1.1" 200 1684 "http://localhost/" "Mozilla/5.0 (Windows NT 6.2; Win64; x64; rv:54.0) Gecko/20100101 Firefox/54.0"
::ffff:217.65.249.99 - - [17/Aug/2017:13:56:32 +0000] "POST /posts HTTP/1.1" 500 22 "http://rkoretskiy-task2.westeurope.cloudapp.azure.com/" "Mozilla/5.0 (Windows NT 6.1; Win64; x64) AppleWebKit/537.36 (KHTML, like Gecko) Chrome/60.0.3112.101 Safari/537.36"
::1 - - [17/Aug/2017:13:58:48 +0000] "GET /users HTTP/1.1" 500 23 "http://localhost/" "Mozilla/5.0 (Windows NT 6.2; Win64; x64; rv:54.0) Gecko/20100101 Firefox/54.0"
::1 - - [17/Aug/2017:13:58:54 +0000] "POST /login HTTP/1.1" 200 369 "http://localhost/" "Mozilla/5.0 (Windows NT 6.2; Win64; x64; rv:54.0) Gecko/20100101 Firefox/54.0"
::1 - - [17/Aug/2017:13:58:54 +0000] "GET /categories HTTP/1.1" 200 4555 "http://localhost/" "Mozilla/5.0 (Windows NT 6.2; Win64; x64; rv:54.0) Gecko/20100101 Firefox/54.0"
::1 - - [17/Aug/2017:13:58:59 +0000] "GET /users HTTP/1.1" 200 1684 "http://localhost/" "Mozilla/5.0 (Windows NT 6.2; Win64; x64; rv:54.0) Gecko/20100101 Firefox/54.0"
::ffff:217.65.249.99 - - [17/Aug/2017:13:59:05 +0000] "GET /topics/5994ace1f2a4ab0c8cf41734 HTTP/1.1" 200 3372 "http://rkoretskiy-task2.westeurope.cloudapp.azure.com/" "Mozilla/5.0 (Windows NT 6.1; Win64; x64) AppleWebKit/537.36 (KHTML, like Gecko) Chrome/60.0.3112.101 Safari/537.36"
::ffff:217.65.249.99 - - [17/Aug/2017:13:59:06 +0000] "GET /users HTTP/1.1" 500 23 "http://rkoretskiy-task2.westeurope.cloudapp.azure.com/" "Mozilla/5.0 (Windows NT 6.1; Win64; x64) AppleWebKit/537.36 (KHTML, like Gecko) Chrome/60.0.3112.101 Safari/537.36"
::ffff:217.65.249.99 - - [17/Aug/2017:13:59:17 +0000] "POST /login HTTP/1.1" 200 479 "http://rkoretskiy-task2.westeurope.cloudapp.azure.com/" "Mozilla/5.0 (Windows NT 6.1; Win64; x64) AppleWebKit/537.36 (KHTML, like Gecko) Chrome/60.0.3112.101 Safari/537.36"
::ffff:217.65.249.99 - - [17/Aug/2017:13:59:18 +0000] "GET /categories HTTP/1.1" 200 4555 "http://rkoretskiy-task2.westeurope.cloudapp.azure.com/" "Mozilla/5.0 (Windows NT 6.1; Win64; x64) AppleWebKit/537.36 (KHTML, like Gecko) Chrome/60.0.3112.101 Safari/537.36"
::ffff:217.65.249.99 - - [17/Aug/2017:13:59:24 +0000] "GET /categories/5994abe6f2a4ab0c8cf41730 HTTP/1.1" 200 4723 "http://rkoretskiy-task2.westeurope.cloudapp.azure.com/" "Mozilla/5.0 (Windows NT 6.1; Win64; x64) AppleWebKit/537.36 (KHTML, like Gecko) Chrome/60.0.3112.101 Safari/537.36"
::ffff:217.65.249.99 - - [17/Aug/2017:13:59:25 +0000] "GET /topics/5994ace1f2a4ab0c8cf41734 HTTP/1.1" 200 3372 "http://rkoretskiy-task2.westeurope.cloudapp.azure.com/" "Mozilla/5.0 (Windows NT 6.1; Win64; x64) AppleWebKit/537.36 (KHTML, like Gecko) Chrome/60.0.3112.101 Safari/537.36"
